[W707 15:30:41.010806757 socket.cpp:759] [c10d] The client socket cannot be initialized to connect to [holygpu8a19404.rc.fas.harvard.edu]:10794 (errno: 97 - Address family not supported by protocol).
Starting distributed trainingStarting distributed training

Starting distributed training
Starting distributed training
Loading checkpoint shards:   0%|          | 0/2 [00:00<?, ?it/s]Loading checkpoint shards:   0%|          | 0/2 [00:00<?, ?it/s]Loading checkpoint shards:   0%|          | 0/2 [00:00<?, ?it/s]Loading checkpoint shards:   0%|          | 0/2 [00:00<?, ?it/s]Loading checkpoint shards:  50%|█████     | 1/2 [00:07<00:07,  7.73s/it]Loading checkpoint shards:  50%|█████     | 1/2 [00:08<00:08,  8.10s/it]Loading checkpoint shards:  50%|█████     | 1/2 [00:07<00:07,  7.98s/it]Loading checkpoint shards:  50%|█████     | 1/2 [00:08<00:08,  8.42s/it]Loading checkpoint shards: 100%|██████████| 2/2 [00:12<00:00,  5.97s/it]Loading checkpoint shards: 100%|██████████| 2/2 [00:12<00:00,  6.29s/it]
Loading checkpoint shards: 100%|██████████| 2/2 [00:12<00:00,  6.02s/it]Loading checkpoint shards: 100%|██████████| 2/2 [00:13<00:00,  6.20s/it]Loading checkpoint shards: 100%|██████████| 2/2 [00:12<00:00,  6.32s/it]
Loading checkpoint shards: 100%|██████████| 2/2 [00:13<00:00,  6.54s/it]
Loading checkpoint shards: 100%|██████████| 2/2 [00:12<00:00,  6.13s/it]Loading checkpoint shards: 100%|██████████| 2/2 [00:12<00:00,  6.37s/it]
wandb: Currently logged in as: hdiaz (hdiaz-harvard-university) to https://api.wandb.ai. Use `wandb login --relogin` to force relogin
wandb: Tracking run with wandb version 0.20.1
wandb: Run data is saved locally in /n/netscratch/dam_lab/Lab/hdiaz/ft_project/wandb/run-20250707_153115-g09i9fc0
wandb: Run `wandb offline` to turn off syncing.
wandb: Syncing run dazzling-salad-48
wandb: ⭐️ View project at https://wandb.ai/hdiaz-harvard-university/training-opwmth
wandb: 🚀 View run at https://wandb.ai/hdiaz-harvard-university/training-opwmth/runs/g09i9fc0
[W707 15:31:19.763428425 socket.cpp:759] [c10d] The client socket cannot be initialized to connect to [holygpu8a19404.rc.fas.harvard.edu]:10794 (errno: 97 - Address family not supported by protocol).
[W707 15:31:19.817649598 socket.cpp:759] [c10d] The client socket cannot be initialized to connect to [holygpu8a19404.rc.fas.harvard.edu]:10794 (errno: 97 - Address family not supported by protocol).
/n/netscratch/dam_lab/Lab/hdiaz/ft_project/modified_finetune.py:95: FutureWarning: `tokenizer` is deprecated and will be removed in version 5.0.0 for `GradientSavingTrainer.__init__`. Use `processing_class` instead.
  trainer = GradientSavingTrainer(
/n/netscratch/dam_lab/Lab/hdiaz/ft_project/modified_finetune.py:95: FutureWarning: `tokenizer` is deprecated and will be removed in version 5.0.0 for `GradientSavingTrainer.__init__`. Use `processing_class` instead.
  trainer = GradientSavingTrainer(
[W707 15:31:19.899717041 socket.cpp:759] [c10d] The client socket cannot be initialized to connect to [holygpu8a19404.rc.fas.harvard.edu]:10794 (errno: 97 - Address family not supported by protocol).
/n/netscratch/dam_lab/Lab/hdiaz/ft_project/modified_finetune.py:95: FutureWarning: `tokenizer` is deprecated and will be removed in version 5.0.0 for `GradientSavingTrainer.__init__`. Use `processing_class` instead.
  trainer = GradientSavingTrainer(
[W707 15:31:19.041645160 socket.cpp:759] [c10d] The client socket cannot be initialized to connect to [holygpu8a19404.rc.fas.harvard.edu]:10794 (errno: 97 - Address family not supported by protocol).
/n/netscratch/dam_lab/Lab/hdiaz/ft_project/modified_finetune.py:95: FutureWarning: `tokenizer` is deprecated and will be removed in version 5.0.0 for `GradientSavingTrainer.__init__`. Use `processing_class` instead.
  trainer = GradientSavingTrainer(
Detected kernel version 4.18.0, which is below the recommended minimum of 5.5.0; this can cause the process to hang. It is recommended to upgrade the kernel to the minimum version or higher.
  0%|          | 0/100 [00:00<?, ?it/s][rank3]: Traceback (most recent call last):
[rank3]:   File "/n/netscratch/dam_lab/Lab/hdiaz/ft_project/modified_finetune.py", line 110, in <module>
[rank3]:     main()
[rank3]:   File "/n/netscratch/dam_lab/Lab/hdiaz/ft_project/modified_finetune.py", line 104, in main
[rank3]:     trainer.train()
[rank3]:   File "/n/netscratch/dam_lab/Lab/hdiaz/.conda/envs/env3/lib/python3.12/site-packages/transformers/trainer.py", line 2207, in train
[rank3]:     return inner_training_loop(
[rank3]:            ^^^^^^^^^^^^^^^^^^^^
[rank3]:   File "/n/netscratch/dam_lab/Lab/hdiaz/.conda/envs/env3/lib/python3.12/site-packages/transformers/trainer.py", line 2608, in _inner_training_loop
[rank3]:     self.optimizer.step()
[rank3]:   File "/n/netscratch/dam_lab/Lab/hdiaz/.conda/envs/env3/lib/python3.12/site-packages/accelerate/optimizer.py", line 179, in step
[rank3]:     self.optimizer.step(closure)
[rank3]:   File "/n/netscratch/dam_lab/Lab/hdiaz/.conda/envs/env3/lib/python3.12/site-packages/torch/optim/lr_scheduler.py", line 140, in wrapper
[rank3]:     return func.__get__(opt, opt.__class__)(*args, **kwargs)
[rank3]:            ^^^^^^^^^^^^^^^^^^^^^^^^^^^^^^^^^^^^^^^^^^^^^^^^^
[rank3]:   File "/n/netscratch/dam_lab/Lab/hdiaz/.conda/envs/env3/lib/python3.12/site-packages/torch/optim/optimizer.py", line 493, in wrapper
[rank3]:     out = func(*args, **kwargs)
[rank3]:           ^^^^^^^^^^^^^^^^^^^^^
[rank3]:   File "/n/netscratch/dam_lab/Lab/hdiaz/.conda/envs/env3/lib/python3.12/site-packages/torch/optim/optimizer.py", line 91, in _use_grad
[rank3]:     ret = func(self, *args, **kwargs)
[rank3]:           ^^^^^^^^^^^^^^^^^^^^^^^^^^^
[rank3]:   File "/n/netscratch/dam_lab/Lab/hdiaz/.conda/envs/env3/lib/python3.12/site-packages/torch/optim/adamw.py", line 243, in step
[rank3]:     adamw(
[rank3]:   File "/n/netscratch/dam_lab/Lab/hdiaz/.conda/envs/env3/lib/python3.12/site-packages/torch/optim/optimizer.py", line 154, in maybe_fallback
[rank3]:     return func(*args, **kwargs)
[rank3]:            ^^^^^^^^^^^^^^^^^^^^^
[rank3]:   File "/n/netscratch/dam_lab/Lab/hdiaz/.conda/envs/env3/lib/python3.12/site-packages/torch/optim/adamw.py", line 875, in adamw
[rank3]:     func(
[rank3]:   File "/n/netscratch/dam_lab/Lab/hdiaz/.conda/envs/env3/lib/python3.12/site-packages/torch/optim/adamw.py", line 699, in _multi_tensor_adamw
[rank3]:     exp_avg_sq_sqrt = torch._foreach_sqrt(device_exp_avg_sqs)
[rank3]:                       ^^^^^^^^^^^^^^^^^^^^^^^^^^^^^^^^^^^^^^^
[rank3]: torch.OutOfMemoryError: CUDA out of memory. Tried to allocate 96.00 MiB. GPU 3 has a total capacity of 39.38 GiB of which 58.12 MiB is free. Including non-PyTorch memory, this process has 39.31 GiB memory in use. Of the allocated memory 37.68 GiB is allocated by PyTorch, and 545.06 MiB is reserved by PyTorch but unallocated. If reserved but unallocated memory is large try setting PYTORCH_CUDA_ALLOC_CONF=expandable_segments:True to avoid fragmentation.  See documentation for Memory Management  (https://pytorch.org/docs/stable/notes/cuda.html#environment-variables)
[rank2]: Traceback (most recent call last):
[rank2]:   File "/n/netscratch/dam_lab/Lab/hdiaz/ft_project/modified_finetune.py", line 110, in <module>
[rank2]:     main()
[rank2]:   File "/n/netscratch/dam_lab/Lab/hdiaz/ft_project/modified_finetune.py", line 104, in main
[rank2]:     trainer.train()
[rank2]:   File "/n/netscratch/dam_lab/Lab/hdiaz/.conda/envs/env3/lib/python3.12/site-packages/transformers/trainer.py", line 2207, in train
[rank2]:     return inner_training_loop(
[rank2]:            ^^^^^^^^^^^^^^^^^^^^
[rank2]:   File "/n/netscratch/dam_lab/Lab/hdiaz/.conda/envs/env3/lib/python3.12/site-packages/transformers/trainer.py", line 2608, in _inner_training_loop
[rank2]:     self.optimizer.step()
[rank2]:   File "/n/netscratch/dam_lab/Lab/hdiaz/.conda/envs/env3/lib/python3.12/site-packages/accelerate/optimizer.py", line 179, in step
[rank2]:     self.optimizer.step(closure)
[rank2]:   File "/n/netscratch/dam_lab/Lab/hdiaz/.conda/envs/env3/lib/python3.12/site-packages/torch/optim/lr_scheduler.py", line 140, in wrapper
[rank2]:     return func.__get__(opt, opt.__class__)(*args, **kwargs)
[rank2]:            ^^^^^^^^^^^^^^^^^^^^^^^^^^^^^^^^^^^^^^^^^^^^^^^^^
[rank2]:   File "/n/netscratch/dam_lab/Lab/hdiaz/.conda/envs/env3/lib/python3.12/site-packages/torch/optim/optimizer.py", line 493, in wrapper
[rank2]:     out = func(*args, **kwargs)
[rank2]:           ^^^^^^^^^^^^^^^^^^^^^
[rank2]:   File "/n/netscratch/dam_lab/Lab/hdiaz/.conda/envs/env3/lib/python3.12/site-packages/torch/optim/optimizer.py", line 91, in _use_grad
[rank2]:     ret = func(self, *args, **kwargs)
[rank2]:           ^^^^^^^^^^^^^^^^^^^^^^^^^^^
[rank2]:   File "/n/netscratch/dam_lab/Lab/hdiaz/.conda/envs/env3/lib/python3.12/site-packages/torch/optim/adamw.py", line 243, in step
[rank2]:     adamw(
[rank2]:   File "/n/netscratch/dam_lab/Lab/hdiaz/.conda/envs/env3/lib/python3.12/site-packages/torch/optim/optimizer.py", line 154, in maybe_fallback
[rank2]:     return func(*args, **kwargs)
[rank2]:            ^^^^^^^^^^^^^^^^^^^^^
[rank2]:   File "/n/netscratch/dam_lab/Lab/hdiaz/.conda/envs/env3/lib/python3.12/site-packages/torch/optim/adamw.py", line 875, in adamw
[rank2]:     func(
[rank2]:   File "/n/netscratch/dam_lab/Lab/hdiaz/.conda/envs/env3/lib/python3.12/site-packages/torch/optim/adamw.py", line 699, in _multi_tensor_adamw
[rank2]:     exp_avg_sq_sqrt = torch._foreach_sqrt(device_exp_avg_sqs)
[rank2]:                       ^^^^^^^^^^^^^^^^^^^^^^^^^^^^^^^^^^^^^^^
[rank2]: torch.OutOfMemoryError: CUDA out of memory. Tried to allocate 96.00 MiB. GPU 2 has a total capacity of 39.38 GiB of which 30.12 MiB is free. Including non-PyTorch memory, this process has 39.34 GiB memory in use. Of the allocated memory 37.68 GiB is allocated by PyTorch, and 573.06 MiB is reserved by PyTorch but unallocated. If reserved but unallocated memory is large try setting PYTORCH_CUDA_ALLOC_CONF=expandable_segments:True to avoid fragmentation.  See documentation for Memory Management  (https://pytorch.org/docs/stable/notes/cuda.html#environment-variables)
[rank1]: Traceback (most recent call last):
[rank1]:   File "/n/netscratch/dam_lab/Lab/hdiaz/ft_project/modified_finetune.py", line 110, in <module>
[rank1]:     main()
[rank1]:   File "/n/netscratch/dam_lab/Lab/hdiaz/ft_project/modified_finetune.py", line 104, in main
[rank1]:     trainer.train()
[rank1]:   File "/n/netscratch/dam_lab/Lab/hdiaz/.conda/envs/env3/lib/python3.12/site-packages/transformers/trainer.py", line 2207, in train
[rank1]:     return inner_training_loop(
[rank1]:            ^^^^^^^^^^^^^^^^^^^^
[rank1]:   File "/n/netscratch/dam_lab/Lab/hdiaz/.conda/envs/env3/lib/python3.12/site-packages/transformers/trainer.py", line 2608, in _inner_training_loop
[rank1]:     self.optimizer.step()
[rank1]:   File "/n/netscratch/dam_lab/Lab/hdiaz/.conda/envs/env3/lib/python3.12/site-packages/accelerate/optimizer.py", line 179, in step
[rank1]:     self.optimizer.step(closure)
[rank1]:   File "/n/netscratch/dam_lab/Lab/hdiaz/.conda/envs/env3/lib/python3.12/site-packages/torch/optim/lr_scheduler.py", line 140, in wrapper
[rank1]:     return func.__get__(opt, opt.__class__)(*args, **kwargs)
[rank1]:            ^^^^^^^^^^^^^^^^^^^^^^^^^^^^^^^^^^^^^^^^^^^^^^^^^
[rank1]:   File "/n/netscratch/dam_lab/Lab/hdiaz/.conda/envs/env3/lib/python3.12/site-packages/torch/optim/optimizer.py", line 493, in wrapper
[rank1]:     out = func(*args, **kwargs)
[rank1]:           ^^^^^^^^^^^^^^^^^^^^^
[rank1]:   File "/n/netscratch/dam_lab/Lab/hdiaz/.conda/envs/env3/lib/python3.12/site-packages/torch/optim/optimizer.py", line 91, in _use_grad
[rank1]:     ret = func(self, *args, **kwargs)
[rank1]:           ^^^^^^^^^^^^^^^^^^^^^^^^^^^
[rank1]:   File "/n/netscratch/dam_lab/Lab/hdiaz/.conda/envs/env3/lib/python3.12/site-packages/torch/optim/adamw.py", line 243, in step
[rank1]:     adamw(
[rank1]:   File "/n/netscratch/dam_lab/Lab/hdiaz/.conda/envs/env3/lib/python3.12/site-packages/torch/optim/optimizer.py", line 154, in maybe_fallback
[rank1]:     return func(*args, **kwargs)
[rank1]:            ^^^^^^^^^^^^^^^^^^^^^
[rank1]:   File "/n/netscratch/dam_lab/Lab/hdiaz/.conda/envs/env3/lib/python3.12/site-packages/torch/optim/adamw.py", line 875, in adamw
[rank1]:     func(
[rank1]:   File "/n/netscratch/dam_lab/Lab/hdiaz/.conda/envs/env3/lib/python3.12/site-packages/torch/optim/adamw.py", line 699, in _multi_tensor_adamw
[rank1]:     exp_avg_sq_sqrt = torch._foreach_sqrt(device_exp_avg_sqs)
[rank1]:                       ^^^^^^^^^^^^^^^^^^^^^^^^^^^^^^^^^^^^^^^
[rank1]: torch.OutOfMemoryError: CUDA out of memory. Tried to allocate 48.00 MiB. GPU 1 has a total capacity of 39.38 GiB of which 30.12 MiB is free. Including non-PyTorch memory, this process has 39.34 GiB memory in use. Of the allocated memory 37.78 GiB is allocated by PyTorch, and 477.06 MiB is reserved by PyTorch but unallocated. If reserved but unallocated memory is large try setting PYTORCH_CUDA_ALLOC_CONF=expandable_segments:True to avoid fragmentation.  See documentation for Memory Management  (https://pytorch.org/docs/stable/notes/cuda.html#environment-variables)
slurmstepd: error: *** JOB 23314773 ON holygpu8a19404 CANCELLED AT 2025-07-07T15:39:51 ***
W0707 15:39:51.772000 312003 site-packages/torch/distributed/elastic/agent/server/api.py:719] Received 15 death signal, shutting down workers
W0707 15:39:51.777000 312003 site-packages/torch/distributed/elastic/multiprocessing/api.py:897] Sending process 312015 closing signal SIGTERM
W0707 15:39:51.778000 312003 site-packages/torch/distributed/elastic/multiprocessing/api.py:897] Sending process 312016 closing signal SIGTERM
W0707 15:39:51.778000 312003 site-packages/torch/distributed/elastic/multiprocessing/api.py:897] Sending process 312017 closing signal SIGTERM
W0707 15:39:51.779000 312003 site-packages/torch/distributed/elastic/multiprocessing/api.py:897] Sending process 312018 closing signal SIGTERM
